// Vitest Snapshot v1

exports[`api 生成 > 参数在body里 1`] = `
"// 这个文件由 @dune2/cli 自动生成，不要手动修改，否则会被覆盖
import { RequestBuilder } from '@dune2/tools';
import requestFn from '@/utils/request';
/**
 * 分页查询币种信息
 * @tags 币种管理相关接口
 * @see http://192.168.104.10:31082/swagger/?urls.primaryName=%E5%90%8E%E5%8F%B0%E7%AE%A1%E7%90%86%E7%9B%B8%E5%85%B3API#/%E5%B8%81%E7%A7%8D%E7%AE%A1%E7%90%86%E7%9B%B8%E5%85%B3%E6%8E%A5%E5%8F%A3/pageSearch_4
 */
export const usersPostApi = new RequestBuilder<usersPostApi.Req, usersPostApi.Res>({
  url: '/users',
  method: 'post',
  requestFn,
});

export namespace usersPostApi {
 /**
 * 分页查询统一结构体
 */
export interface Req {
  /**
   * 页码数, 该值的范围是1~1024
   */
  pageNum: number;
  /**
   * 页大小, 该值的范围是1~99999
   */
  pageSize: number;
  /**
   * 是否查询总记录数。查询总记录数会严重影响性能，非必要不查询.
   */
  count: boolean;
  /**
   * 币种列表查询参数
   */
  params: {
    /**
     * 币种代码或者币种名称
     */
    nameOrCode?: string;
    /**
     * 币种状态(NEW, ACTIVE, INACTIVE)
     */
    status?: \\"NEW\\" | \\"ACTIVE\\" | \\"INACTIVE\\";
  };
  /**
   * 分页查询的排序规则, 最大不能超过10个排序字段
   *
   * @minItems 0
   * @maxItems 10
   */
  orders?: {
    /**
     * 字段名称
     */
    fieldName: string;
    /**
     * 排序规则
     */
    type: \\"asc\\" | \\"desc\\";
  }[];
}

 
 /**
 * 分页查询结果统计结构体
 */
export interface Res {
  /**
   * 总记录数。如果请求参数中'是否查询总记录数'为true则此参数将会返回.
   */
  total?: number;
  /**
   * 分页查询的结果
   */
  result: {
    /**
     * 币种管理
     */
    coin?: {
      /**
       * 币种id
       */
      id?: number;
      /**
       * crypto来源Id，crypto_datasource表的Id
       */
      sourceId?: number;
      /**
       * Coin的名称，如：Bitcoin
       */
      name?: string;
      /**
       * Coin的符号，如：BTC
       */
      code?: string;
      /**
       * 币种状态(NEW,ACTIVE,INACTIVE)
       */
      status?: string;
    };
    /**
     * 币种支持的网络
     */
    networks?: {
      /**
       * 表Id，coin唯一标识
       */
      id?: number;
      /**
       * 币种的唯一标识，用于将网络关联到币种
       */
      coinId?: number;
    }[];
  }[];
}

};"
`;

exports[`api 生成 > 参数在url上 1`] = `
"// 这个文件由 @dune2/cli 自动生成，不要手动修改，否则会被覆盖
import { RequestBuilder } from '@dune2/tools';
import requestFn from '@/utils/request';
/**
 * 查询单个后台用户信息
 * @tags 后台用户管理相关接口
 * @see http://192.168.104.10:31082/swagger/?urls.primaryName=%E5%90%8E%E5%8F%B0%E7%AE%A1%E7%90%86%E7%9B%B8%E5%85%B3API#/%E5%90%8E%E5%8F%B0%E7%94%A8%E6%88%B7%E7%AE%A1%E7%90%86%E7%9B%B8%E5%85%B3%E6%8E%A5%E5%8F%A3/queryUserById
 */
export const usersGetApi = new RequestBuilder<usersGetApi.Req, usersGetApi.Res>({
  url: '/users',
  method: 'get',
  requestFn,
});

export namespace usersGetApi {
 export interface Req {
  /**
   * 用户id
   */
  id: number;
}

 
 /**
 * 查询用户响应结果
 */
export interface Res {
  /**
   * 用户id
   */
  id?: number;
  /**
   * 邮箱
   */
  email?: string;
  /**
   * 姓名
   */
  realName?: string;
  /**
   * 用户状态(ACTIVE, INACTIVE)
   */
  status?: \\"NEW\\" | \\"ACTIVE\\" | \\"INACTIVE\\";
}

};"
`;

exports[`api 生成 > 参数或响应为空 1`] = `
"// 这个文件由 @dune2/cli 自动生成，不要手动修改，否则会被覆盖
import { RequestBuilder } from '@dune2/tools';
import requestFn from '@/utils/request';
/**
 * 分页查询币种信息
 * @tags 币种管理相关接口
 * @see http://192.168.104.10:31082/swagger/?urls.primaryName=%E5%90%8E%E5%8F%B0%E7%AE%A1%E7%90%86%E7%9B%B8%E5%85%B3API#/%E5%B8%81%E7%A7%8D%E7%AE%A1%E7%90%86%E7%9B%B8%E5%85%B3%E6%8E%A5%E5%8F%A3/pageSearch_4
 */
export const usersPostApi = new RequestBuilder<usersPostApi.Req, usersPostApi.Res>({
  url: '/users',
  method: 'post',
  requestFn,
});

export namespace usersPostApi {
 export interface Req {}

 
 export type Res = any;
};"
`;
