---
source: packages/wasm/src/auto_namespace/mod.rs
expression: "run_test(\"t`msg3`\")"
---
"t`menu.msg3`;"
