---
source: packages/wasm/src/auto_namespace/mod.rs
expression: "run_test(\"<Trans>hello</Trans>\")"
---
"<Trans id=\"menu.hello\"></Trans>;"
