---
source: packages/wasm/src/auto_namespace/mod.rs
expression: "run_test(\"t`hello ${name}`\")"
---
"t`menu.hello ${name}`;"
