---
source: packages/wasm/src/auto_namespace/mod.rs
expression: "run_test(\"t(`msg4`, { count: 1 })\")"
---
"t(`menu.msg4`, {\n    count: 1\n});"
